// Jest Snapshot v1, https://goo.gl/fbAQLP

exports[`Page Header should have narrower letter spacing on iOS 1`] = `
.c0 {
  display: inline-block;
  margin-bottom: 0.5em;
  font-size: 8vh;
  font-weight: bold;
  font-family: 'Lato','Cabin','Ubuntu',sans-serif;
}

@media (max-width:64em) {
  .c0 {
    font-size: 4em;
    -webkit-letter-spacing: 0;
    -moz-letter-spacing: 0;
    -ms-letter-spacing: 0;
    letter-spacing: 0;
    margin-bottom: 1em;
  }
}

@media (max-width:26.5625em) {
  .c0 {
    font-size: 3em;
  }
}

<div
  class="c0"
>
  Test Header
</div>
`;

exports[`Page Header should render the header 1`] = `
.c0 {
  display: inline-block;
  margin-bottom: 0.5em;
  font-size: 8vh;
  font-weight: bold;
  font-family: 'Lato','Cabin','Ubuntu',sans-serif;
}

@media (max-width:64em) {
  .c0 {
    font-size: 4em;
    -webkit-letter-spacing: 0;
    -moz-letter-spacing: 0;
    -ms-letter-spacing: 0;
    letter-spacing: 0;
    margin-bottom: 1em;
  }
}

@media (max-width:26.5625em) {
  .c0 {
    font-size: 3em;
  }
}

<div
  class="c0"
>
  Test Header
</div>
`;
